#"Progress (%)"	"Step"	"Time (ps)"	"Potential Energy (kJ/mole)"	"Kinetic Energy (kJ/mole)"	"Total Energy (kJ/mole)"	"Temperature (K)"	"Box Volume (nm^3)"	"Density (g/mL)"	"Speed (ns/day)"	"Time Remaining"
0.0%	50000	147099.99984894163	-4387968.645964377	674914.6942853052	-3713053.9516790714	299.9773825277815	2744.0	0.9828403395655725	0	--
0.0%	100000	147199.9998493258	-4391327.784080397	674474.8909536793	-3716852.893126718	299.78190441274677	2744.0	0.9828403395655725	28.3	35:6:30:15
0.0%	150000	147299.99984970997	-4392390.769238345	678100.0401032655	-3714290.72913508	301.3931639724712	2744.0	0.9828403395655725	28.3	35:7:00:13
